../Core/Src/freertos.c:116:6:vApplicationGetIdleTaskMemory	24	static
../Core/Src/freertos.c:130:6:MX_FREERTOS_Init	216	static
../Core/Src/freertos.c:193:6:StartDefaultTask	16	static
../Core/Src/freertos.c:214:6:StartRfidExecuteTask	24	static
../Core/Src/freertos.c:237:6:StartTagNumTransmitTask	40	static
../Core/Src/freertos.c:267:6:rc522_readTask	40	static
../Core/Src/freertos.c:294:6:controlmotor	16	static
../Core/Src/freertos.c:319:6:StarttransmitTask2	32	static
../Core/Src/freertos.c:348:6:subscription_str_callback	120	static
../Core/Src/freertos.c:368:6:debug_led	8	static
../Core/Src/freertos.c:382:6:StartRosTask	872	static
