../Core/Src/freertos.c:113:6:vApplicationGetIdleTaskMemory	24	static
../Core/Src/freertos.c:127:6:MX_FREERTOS_Init	216	static
../Core/Src/freertos.c:190:6:StartDefaultTask	16	static
../Core/Src/freertos.c:210:6:StartRfidExecuteTask	24	static
../Core/Src/freertos.c:232:6:StartTagNumTransmitTask	32	static
../Core/Src/freertos.c:257:6:rc522_readTask	40	static
../Core/Src/freertos.c:284:6:controlmotor	16	static
../Core/Src/freertos.c:309:6:StarttransmitTask2	32	static
../Core/Src/freertos.c:338:6:subscription_str_callback	120	static
../Core/Src/freertos.c:360:6:debug_led	8	static
../Core/Src/freertos.c:374:6:StartRosTask	872	static
